main.c:84:5:main	8	static
main.c:147:6:SystemClock_Config	152	static
main.c:202:13:MX_SPI3_Init	8	static
main.c:242:13:MX_TIM1_Init	120	static
main.c:324:13:MX_TIM2_Init	40	static
main.c:369:13:MX_TIM3_Init	40	static
main.c:414:13:MX_USART1_UART_Init	8	static
main.c:462:13:MX_USART2_UART_Init	8	static
main.c:508:13:MX_DMA_Init	16	static
main.c:527:13:MX_GPIO_Init	40	static
main.c:549:6:TimerISR	8	static
main.c:554:6:HAL_UART_RxCpltCallback	16	static
main.c:561:6:HAL_TIM_PeriodElapsedCallback	16	static
main.c:584:6:Error_Handler	4	static,ignoring_inline_asm
