main.c:81:5:main	24	static
main.c:145:6:SystemClock_Config	152	static
main.c:200:13:MX_SPI3_Init	8	static
main.c:240:13:MX_TIM1_Init	120	static
main.c:322:13:MX_TIM2_Init	40	static
main.c:367:13:MX_USART1_UART_Init	8	static
main.c:415:13:MX_USART2_UART_Init	8	static
main.c:461:13:MX_DMA_Init	16	static
main.c:480:13:MX_GPIO_Init	40	static
main.c:502:6:TimerISR	8	static
main.c:507:6:HAL_UART_RxCpltCallback	16	static
main.c:514:6:HAL_TIM_PeriodElapsedCallback	16	static
main.c:526:6:Error_Handler	4	static,ignoring_inline_asm
