20:56:03 **** Incremental Build of configuration Debug for project NOVUS ****
make -j12 all 
arm-none-eabi-size   NOVUS.elf 
   text	   data	    bss	    dec	    hex	filename
  44704	    488	   5656	  50848	   c6a0	NOVUS.elf
Finished building: default.size.stdout
 
20:56:14 **** Incremental Build of configuration Debug for project NOVUS ****
make -j12 all 
arm-none-eabi-size   NOVUS.elf 
   text	   data	    bss	    dec	    hex	filename
  44704	    488	   5656	  50848	   c6a0	NOVUS.elf
Finished building: default.size.stdout
 
16:21:47 **** Incremental Build of configuration Debug for project NOVUS ****
make -j12 all 
arm-none-eabi-gcc "../Core/Src/main.c" -mcpu=cortex-m4 -std=gnu11 -g3 -DDEBUG -DUSE_HAL_DRIVER -DSTM32G431xx -c -I../Core/Inc -I../Drivers/STM32G4xx_HAL_Driver/Inc -I../Drivers/STM32G4xx_HAL_Driver/Inc/Legacy -I../Drivers/CMSIS/Device/ST/STM32G4xx/Include -I../Drivers/CMSIS/Include -O0 -ffunction-sections -fdata-sections -Wall -fstack-usage -MMD -MP -MF"Core/Src/main.d" -MT"Core/Src/main.o" --specs=nano.specs -mfpu=fpv4-sp-d16 -mfloat-abi=hard -mthumb -o "Core/Src/main.o"
../Core/Src/main.c: In function 'HAL_TIM_PeriodElapsedCallback':
../Core/Src/main.c:568:4: warning: implicit declaration of function 'get_packet_moter' [-Wimplicit-function-declaration]
  568 |    get_packet_moter();
      |    ^~~~~~~~~~~~~~~~
../Core/Src/main.c:572:4: warning: implicit declaration of function 'get_packet_rc' [-Wimplicit-function-declaration]
  572 |    get_packet_rc();
      |    ^~~~~~~~~~~~~
arm-none-eabi-gcc -o "NOVUS.elf" @"objects.list"   -mcpu=cortex-m4 -T"E:\github\NOVUS\NOVUS\STM32G431KBTX_FLASH.ld" --specs=nosys.specs -Wl,-Map="NOVUS.map" -Wl,--gc-sections -static --specs=nano.specs -mfpu=fpv4-sp-d16 -mfloat-abi=hard -mthumb -u _printf_float -Wl,--start-group -lc -lm -Wl,--end-group
Finished building target: NOVUS.elf
 
arm-none-eabi-objdump -h -S  NOVUS.elf  > "NOVUS.list"
arm-none-eabi-objcopy  -O binary  NOVUS.elf  "NOVUS.bin"
arm-none-eabi-size   NOVUS.elf 
   text	   data	    bss	    dec	    hex	filename
  43712	    488	   5656	  49856	   c2c0	NOVUS.elf
Finished building: default.size.stdout
 
Finished building: NOVUS.bin
 
Finished building: NOVUS.list
 
16:22:09 **** Incremental Build of configuration Debug for project NOVUS ****
make -j12 all 
arm-none-eabi-size   NOVUS.elf 
   text	   data	    bss	    dec	    hex	filename
  43712	    488	   5656	  49856	   c2c0	NOVUS.elf
Finished building: default.size.stdout
 
16:22:40 **** Incremental Build of configuration Debug for project NOVUS ****
make -j12 all 
arm-none-eabi-size   NOVUS.elf 
   text	   data	    bss	    dec	    hex	filename
  43712	    488	   5656	  49856	   c2c0	NOVUS.elf
Finished building: default.size.stdout
 
16:22:54 **** Incremental Build of configuration Debug for project NOVUS ****
make -j12 all 
arm-none-eabi-size   NOVUS.elf 
   text	   data	    bss	    dec	    hex	filename
  43712	    488	   5656	  49856	   c2c0	NOVUS.elf
Finished building: default.size.stdout
 
