16:23:21 **** Incremental Build of configuration Debug for project Novus ****
make -j12 all 
arm-none-eabi-gcc "../Core/Src/main.c" -mcpu=cortex-m4 -std=gnu11 -g3 -DDEBUG -DUSE_HAL_DRIVER -DSTM32G431xx -c -I../Core/Inc -I../Drivers/STM32G4xx_HAL_Driver/Inc -I../Drivers/STM32G4xx_HAL_Driver/Inc/Legacy -I../Drivers/CMSIS/Device/ST/STM32G4xx/Include -I../Drivers/CMSIS/Include -O0 -ffunction-sections -fdata-sections -Wall -fstack-usage -MMD -MP -MF"Core/Src/main.d" -MT"Core/Src/main.o" --specs=nano.specs -mfpu=fpv4-sp-d16 -mfloat-abi=hard -mthumb -o "Core/Src/main.o"
arm-none-eabi-gcc -o "Novus.elf" @"objects.list"   -mcpu=cortex-m4 -T"F:\School\GraduateProject\git\novusTest\Novus\STM32G431KBTX_FLASH.ld" --specs=nosys.specs -Wl,-Map="Novus.map" -Wl,--gc-sections -static --specs=nano.specs -mfpu=fpv4-sp-d16 -mfloat-abi=hard -mthumb -u _printf_float -Wl,--start-group -lc -lm -Wl,--end-group
Finished building target: Novus.elf
 
arm-none-eabi-objdump -h -S  Novus.elf  > "Novus.list"
arm-none-eabi-objcopy  -O binary  Novus.elf  "Novus.bin"
arm-none-eabi-size   Novus.elf 
   text	   data	    bss	    dec	    hex	filename
  49692	    488	   5720	  55900	   da5c	Novus.elf
Finished building: default.size.stdout
 
Finished building: Novus.bin
 
Finished building: Novus.list
 

16:23:24 Build Finished. 0 errors, 0 warnings. (took 2s.554ms)

